e: file:///C:/Users/thc1006/Desktop/dev/pose-coach-android-starter/app/src/main/kotlin/com/posecoach/app/camera/CameraIntegrationManager.kt:187:36 Type mismatch: inferred type is Long but Double was expected
e: file:///C:/Users/thc1006/Desktop/dev/pose-coach-android-starter/app/src/main/kotlin/com/posecoach/app/camera/CameraIntegrationManager.kt:201:36 The integer literal does not conform to the expected type Double
e: file:///C:/Users/thc1006/Desktop/dev/pose-coach-android-starter/app/src/main/kotlin/com/posecoach/app/camera/CameraIntegrationManager.kt:205:62 Type mismatch: inferred type is com.posecoach.app.camera.CameraIntegrationManager.PerformanceMetrics but com.posecoach.app.performance.PerformanceMetrics was expected
e: file:///C:/Users/thc1006/Desktop/dev/pose-coach-android-starter/app/src/main/kotlin/com/posecoach/app/config/FeatureFlags.kt:45:38 Const 'val' initializer should be a constant value
e: file:///C:/Users/thc1006/Desktop/dev/pose-coach-android-starter/app/src/main/kotlin/com/posecoach/app/examples/GeminiIntegrationExample.kt:101:31 Unresolved reference: setUserApiKey
e: file:///C:/Users/thc1006/Desktop/dev/pose-coach-android-starter/app/src/main/kotlin/com/posecoach/app/examples/GeminiIntegrationExample.kt:133:60 Unresolved reference: recommendedClient
e: file:///C:/Users/thc1006/Desktop/dev/pose-coach-android-starter/app/src/main/kotlin/com/posecoach/app/integration/PoseCoachIntegration.kt:26:9 Type mismatch: inferred type is ApiKeyManager but PoseSuggestionClientFactory was expected
e: file:///C:/Users/thc1006/Desktop/dev/pose-coach-android-starter/app/src/main/kotlin/com/posecoach/app/integration/PoseCoachIntegration.kt:67:45 Suspend function 'updateClient' should be called only from a coroutine or another suspend function
e: file:///C:/Users/thc1006/Desktop/dev/pose-coach-android-starter/app/src/main/kotlin/com/posecoach/app/integration/PoseCoachIntegration.kt:98:33 Suspend function 'updateClient' should be called only from a coroutine or another suspend function
e: file:///C:/Users/thc1006/Desktop/dev/pose-coach-android-starter/app/src/main/kotlin/com/posecoach/app/integration/PoseCoachIntegration.kt:122:28 Unresolved reference: start
e: file:///C:/Users/thc1006/Desktop/dev/pose-coach-android-starter/app/src/main/kotlin/com/posecoach/app/intelligence/IntelligentCoachingEngine.kt:169:48 Type mismatch: inferred type is WorkoutContextAnalyzer.WorkoutContext but PoseLandmarkResult was expected
e: file:///C:/Users/thc1006/Desktop/dev/pose-coach-android-starter/app/src/main/kotlin/com/posecoach/app/intelligence/IntelligentCoachingEngine.kt:169:64 Type mismatch: inferred type is PersonalizedFeedbackManager.UserState but WorkoutContextAnalyzer.WorkoutContext was expected
e: file:///C:/Users/thc1006/Desktop/dev/pose-coach-android-starter/app/src/main/kotlin/com/posecoach/app/intelligence/IntelligentCoachingEngine.kt:169:64 No value passed for parameter 'userState'
e: file:///C:/Users/thc1006/Desktop/dev/pose-coach-android-starter/app/src/main/kotlin/com/posecoach/app/intelligence/IntelligentCoachingEngine.kt:175:36 Type mismatch: inferred type is Unit but CoachingDecisionEngine.CoachingDecision? was expected
e: file:///C:/Users/thc1006/Desktop/dev/pose-coach-android-starter/app/src/main/kotlin/com/posecoach/app/intelligence/IntelligentCoachingEngine.kt:182:55 Type mismatch: inferred type is Unit but CoachingDecisionEngine.CoachingDecision? was expected
e: file:///C:/Users/thc1006/Desktop/dev/pose-coach-android-starter/app/src/main/kotlin/com/posecoach/app/intelligence/IntelligentCoachingEngine.kt:188:46 Type mismatch: inferred type is Unit but CoachingDecisionEngine.CoachingDecision? was expected
e: file:///C:/Users/thc1006/Desktop/dev/pose-coach-android-starter/app/src/main/kotlin/com/posecoach/app/intelligence/WorkoutContextAnalyzer.kt:657:43 Type mismatch: inferred type is List<Float> but List<Double> was expected
e: file:///C:/Users/thc1006/Desktop/dev/pose-coach-android-starter/app/src/main/kotlin/com/posecoach/app/intelligence/WorkoutContextAnalyzer.kt:658:36 Type mismatch: inferred type is List<Float> but List<Double> was expected
e: file:///C:/Users/thc1006/Desktop/dev/pose-coach-android-starter/app/src/main/kotlin/com/posecoach/app/livecoach/LiveCoachManager.kt:263:58 Unresolved reference: isSpeaking
e: file:///C:/Users/thc1006/Desktop/dev/pose-coach-android-starter/app/src/main/kotlin/com/posecoach/app/livecoach/LiveCoachManager.kt:282:31 Unresolved reference: isSpeaking
e: file:///C:/Users/thc1006/Desktop/dev/pose-coach-android-starter/app/src/main/kotlin/com/posecoach/app/livecoach/LiveCoachManager.kt:347:30 Unresolved reference: isRecording
e: file:///C:/Users/thc1006/Desktop/dev/pose-coach-android-starter/app/src/main/kotlin/com/posecoach/app/livecoach/LiveCoachManager.kt:522:30 Unresolved reference: isRecording
e: file:///C:/Users/thc1006/Desktop/dev/pose-coach-android-starter/app/src/main/kotlin/com/posecoach/app/livecoach/LiveCoachManager.kt:533:16 Type mismatch: inferred type is Any? but Any was expected
e: file:///C:/Users/thc1006/Desktop/dev/pose-coach-android-starter/app/src/main/kotlin/com/posecoach/app/livecoach/audio/AudioStreamManager.kt:264:29 None of the following functions can be called with the arguments supplied: 
e: file:///C:/Users/thc1006/Desktop/dev/pose-coach-android-starter/app/src/main/kotlin/com/posecoach/app/livecoach/audio/EnhancedAudioProcessor.kt:31:15 Conflicting declarations: public companion object, public companion object
e: file:///C:/Users/thc1006/Desktop/dev/pose-coach-android-starter/app/src/main/kotlin/com/posecoach/app/livecoach/audio/EnhancedAudioProcessor.kt:447:29 Unresolved reference: dbToLinear
e: file:///C:/Users/thc1006/Desktop/dev/pose-coach-android-starter/app/src/main/kotlin/com/posecoach/app/livecoach/audio/EnhancedAudioProcessor.kt:449:33 Overload resolution ambiguity: 
e: file:///C:/Users/thc1006/Desktop/dev/pose-coach-android-starter/app/src/main/kotlin/com/posecoach/app/livecoach/audio/EnhancedAudioProcessor.kt:459:29 Unresolved reference: dbToLinear
e: file:///C:/Users/thc1006/Desktop/dev/pose-coach-android-starter/app/src/main/kotlin/com/posecoach/app/livecoach/audio/EnhancedAudioProcessor.kt:462:31 Overload resolution ambiguity: 
e: file:///C:/Users/thc1006/Desktop/dev/pose-coach-android-starter/app/src/main/kotlin/com/posecoach/app/livecoach/audio/EnhancedAudioProcessor.kt:463:44 Overload resolution ambiguity: 
e: file:///C:/Users/thc1006/Desktop/dev/pose-coach-android-starter/app/src/main/kotlin/com/posecoach/app/livecoach/audio/EnhancedAudioProcessor.kt:478:31 Unresolved reference: dbToLinear
e: file:///C:/Users/thc1006/Desktop/dev/pose-coach-android-starter/app/src/main/kotlin/com/posecoach/app/livecoach/audio/EnhancedAudioProcessor.kt:492:27 Unresolved reference: linearToDb
e: file:///C:/Users/thc1006/Desktop/dev/pose-coach-android-starter/app/src/main/kotlin/com/posecoach/app/livecoach/audio/EnhancedAudioProcessor.kt:497:5 Only one companion object is allowed per class
e: file:///C:/Users/thc1006/Desktop/dev/pose-coach-android-starter/app/src/main/kotlin/com/posecoach/app/livecoach/audio/EnhancedAudioProcessor.kt:497:15 Conflicting declarations: public companion object, public companion object
e: file:///C:/Users/thc1006/Desktop/dev/pose-coach-android-starter/app/src/main/kotlin/com/posecoach/app/livecoach/ui/LiveCoachOverlay.kt:113:29 Unexpected tokens (use ';' to separate expressions on the same line)
e: file:///C:/Users/thc1006/Desktop/dev/pose-coach-android-starter/app/src/main/kotlin/com/posecoach/app/livecoach/ui/LiveCoachOverlay.kt:69:13 Val cannot be reassigned
e: file:///C:/Users/thc1006/Desktop/dev/pose-coach-android-starter/app/src/main/kotlin/com/posecoach/app/livecoach/ui/LiveCoachOverlay.kt:69:35 Type mismatch: inferred type is Int but ColorStateList was expected
e: file:///C:/Users/thc1006/Desktop/dev/pose-coach-android-starter/app/src/main/kotlin/com/posecoach/app/livecoach/ui/LiveCoachOverlay.kt:98:35 Type mismatch: inferred type is Int but ColorStateList was expected
e: file:///C:/Users/thc1006/Desktop/dev/pose-coach-android-starter/app/src/main/kotlin/com/posecoach/app/livecoach/ui/LiveCoachOverlay.kt:113:13 Unresolved reference: lineSpacing
e: file:///C:/Users/thc1006/Desktop/dev/pose-coach-android-starter/app/src/main/kotlin/com/posecoach/app/livecoach/ui/LiveCoachOverlay.kt:129:35 Type mismatch: inferred type is Int but ColorStateList was expected
e: file:///C:/Users/thc1006/Desktop/dev/pose-coach-android-starter/app/src/main/kotlin/com/posecoach/app/livecoach/ui/LiveCoachOverlay.kt:172:50 Object is not abstract and does not implement abstract member public abstract fun onRetryConnection(): Unit defined in com.posecoach.app.livecoach.ui.PushToTalkButton.OnPushToTalkListener
e: file:///C:/Users/thc1006/Desktop/dev/pose-coach-android-starter/app/src/main/kotlin/com/posecoach/app/multimodal/integration/LiveCoachMultiModalIntegration.kt:606:15 Expecting function type
e: file:///C:/Users/thc1006/Desktop/dev/pose-coach-android-starter/app/src/main/kotlin/com/posecoach/app/multimodal/integration/LiveCoachMultiModalIntegration.kt:606:29 Expecting an element
e: file:///C:/Users/thc1006/Desktop/dev/pose-coach-android-starter/app/src/main/kotlin/com/posecoach/app/multimodal/integration/LiveCoachMultiModalIntegration.kt:525:87 Unresolved reference: confidence
e: file:///C:/Users/thc1006/Desktop/dev/pose-coach-android-starter/app/src/main/kotlin/com/posecoach/app/multimodal/integration/LiveCoachMultiModalIntegration.kt:612:26 Unresolved reference: UserContextData
e: file:///C:/Users/thc1006/Desktop/dev/pose-coach-android-starter/app/src/main/kotlin/com/posecoach/app/multimodal/integration/LiveCoachMultiModalIntegration.kt:613:33 Unresolved reference: EnvironmentContextData
e: file:///C:/Users/thc1006/Desktop/dev/pose-coach-android-starter/app/src/main/kotlin/com/posecoach/app/multimodal/performance/MultiModalPerformanceBenchmark.kt:580:49 Type mismatch: inferred type is Double but Long was expected
e: file:///C:/Users/thc1006/Desktop/dev/pose-coach-android-starter/app/src/main/kotlin/com/posecoach/app/multimodal/performance/MultiModalPerformanceBenchmark.kt:609:42 Unresolved reference. None of the following candidates is applicable because of receiver type mismatch: 
e: file:///C:/Users/thc1006/Desktop/dev/pose-coach-android-starter/app/src/main/kotlin/com/posecoach/app/multimodal/performance/MultiModalPerformanceBenchmark.kt:736:28 Type mismatch: inferred type is {Comparable<CapturedType(*)> & Number} but Double was expected
e: file:///C:/Users/thc1006/Desktop/dev/pose-coach-android-starter/app/src/main/kotlin/com/posecoach/app/multimodal/performance/MultiModalPerformanceBenchmark.kt:737:28 Type mismatch: inferred type is {Comparable<CapturedType(*)> & Number} but Double was expected
e: file:///C:/Users/thc1006/Desktop/dev/pose-coach-android-starter/app/src/main/kotlin/com/posecoach/app/multimodal/performance/MultiModalPerformanceBenchmark.kt:863:13 Cannot find a parameter with this name: confidence
e: file:///C:/Users/thc1006/Desktop/dev/pose-coach-android-starter/app/src/main/kotlin/com/posecoach/app/multimodal/performance/MultiModalPerformanceBenchmark.kt:864:13 Cannot find a parameter with this name: timestamp
e: file:///C:/Users/thc1006/Desktop/dev/pose-coach-android-starter/app/src/main/kotlin/com/posecoach/app/multimodal/performance/MultiModalPerformanceBenchmark.kt:864:13 No value passed for parameter 'worldLandmarks'
e: file:///C:/Users/thc1006/Desktop/dev/pose-coach-android-starter/app/src/main/kotlin/com/posecoach/app/multimodal/performance/MultiModalPerformanceBenchmark.kt:864:13 No value passed for parameter 'timestampMs'
e: file:///C:/Users/thc1006/Desktop/dev/pose-coach-android-starter/app/src/main/kotlin/com/posecoach/app/multimodal/performance/MultiModalPerformanceBenchmark.kt:864:13 No value passed for parameter 'inferenceTimeMs'
e: file:///C:/Users/thc1006/Desktop/dev/pose-coach-android-starter/app/src/main/kotlin/com/posecoach/app/multimodal/performance/MultiModalPerformanceBenchmark.kt:879:40 Unresolved reference. None of the following candidates is applicable because of receiver type mismatch: 
e: file:///C:/Users/thc1006/Desktop/dev/pose-coach-android-starter/app/src/main/kotlin/com/posecoach/app/multimodal/performance/MultiModalPerformanceBenchmark.kt:886:46 Unresolved reference: MultiModalInput
e: file:///C:/Users/thc1006/Desktop/dev/pose-coach-android-starter/app/src/main/kotlin/com/posecoach/app/multimodal/performance/MultiModalPerformanceBenchmark.kt:887:16 Unresolved reference: MultiModalInput
e: file:///C:/Users/thc1006/Desktop/dev/pose-coach-android-starter/app/src/main/kotlin/com/posecoach/app/multimodal/pipeline/MultiModalProcessingPipeline.kt:33:17 Conflicting declarations: private final val privacyManager: MultiModalPrivacyManager, private final val privacyManager: EnhancedPrivacyManager
e: file:///C:/Users/thc1006/Desktop/dev/pose-coach-android-starter/app/src/main/kotlin/com/posecoach/app/multimodal/pipeline/MultiModalProcessingPipeline.kt:48:80 Overload resolution ambiguity: 
e: file:///C:/Users/thc1006/Desktop/dev/pose-coach-android-starter/app/src/main/kotlin/com/posecoach/app/multimodal/pipeline/MultiModalProcessingPipeline.kt:49:17 Conflicting declarations: private final val privacyManager: MultiModalPrivacyManager, private final val privacyManager: EnhancedPrivacyManager
e: file:///C:/Users/thc1006/Desktop/dev/pose-coach-android-starter/app/src/main/kotlin/com/posecoach/app/multimodal/pipeline/MultiModalProcessingPipeline.kt:49:68 Type checking has run into a recursive problem. Easiest workaround: specify types of your declarations explicitly
e: file:///C:/Users/thc1006/Desktop/dev/pose-coach-android-starter/app/src/main/kotlin/com/posecoach/app/multimodal/pipeline/MultiModalProcessingPipeline.kt:50:71 Overload resolution ambiguity: 
e: file:///C:/Users/thc1006/Desktop/dev/pose-coach-android-starter/app/src/main/kotlin/com/posecoach/app/multimodal/pipeline/MultiModalProcessingPipeline.kt:50:87 Overload resolution ambiguity: 
e: file:///C:/Users/thc1006/Desktop/dev/pose-coach-android-starter/app/src/main/kotlin/com/posecoach/app/multimodal/pipeline/MultiModalProcessingPipeline.kt:312:21 Unresolved reference: select
e: file:///C:/Users/thc1006/Desktop/dev/pose-coach-android-starter/app/src/main/kotlin/com/posecoach/app/multimodal/pipeline/MultiModalProcessingPipeline.kt:313:39 Unresolved reference. None of the following candidates is applicable because of receiver type mismatch: 
e: file:///C:/Users/thc1006/Desktop/dev/pose-coach-android-starter/app/src/main/kotlin/com/posecoach/app/multimodal/pipeline/MultiModalProcessingPipeline.kt:313:51 Cannot infer a type for this parameter. Please specify it explicitly.
e: file:///C:/Users/thc1006/Desktop/dev/pose-coach-android-starter/app/src/main/kotlin/com/posecoach/app/multimodal/pipeline/MultiModalProcessingPipeline.kt:313:51 Expected no parameters 
e: file:///C:/Users/thc1006/Desktop/dev/pose-coach-android-starter/app/src/main/kotlin/com/posecoach/app/multimodal/pipeline/MultiModalProcessingPipeline.kt:325:25 Unresolved reference: onTimeout
e: file:///C:/Users/thc1006/Desktop/dev/pose-coach-android-starter/app/src/main/kotlin/com/posecoach/app/multimodal/pipeline/MultiModalProcessingPipeline.kt:328:33 Suspension functions can be called only within coroutine body
e: file:///C:/Users/thc1006/Desktop/dev/pose-coach-android-starter/app/src/main/kotlin/com/posecoach/app/multimodal/pipeline/MultiModalProcessingPipeline.kt:374:13 Overload resolution ambiguity: 
e: file:///C:/Users/thc1006/Desktop/dev/pose-coach-android-starter/app/src/main/kotlin/com/posecoach/app/multimodal/pipeline/MultiModalProcessingPipeline.kt:432:36 Unresolved reference: confidence
e: file:///C:/Users/thc1006/Desktop/dev/pose-coach-android-starter/app/src/main/kotlin/com/posecoach/app/multimodal/processors/AudioIntelligenceProcessor.kt:37:17 Const 'val' has type 'IntRange'. Only primitives and String are allowed
e: file:///C:/Users/thc1006/Desktop/dev/pose-coach-android-starter/app/src/main/kotlin/com/posecoach/app/multimodal/processors/AudioIntelligenceProcessor.kt:330:35 Unresolved reference. None of the following candidates is applicable because of receiver type mismatch: 
e: file:///C:/Users/thc1006/Desktop/dev/pose-coach-android-starter/app/src/main/kotlin/com/posecoach/app/multimodal/processors/EmotionalIntelligenceEngine.kt:195:44 Unresolved reference: confidence
e: file:///C:/Users/thc1006/Desktop/dev/pose-coach-android-starter/app/src/main/kotlin/com/posecoach/app/multimodal/processors/EmotionalIntelligenceEngine.kt:439:22 Unresolved reference: confidence
e: file:///C:/Users/thc1006/Desktop/dev/pose-coach-android-starter/app/src/main/kotlin/com/posecoach/app/multimodal/processors/EmotionalIntelligenceEngine.kt:442:41 Unresolved reference: confidence
e: file:///C:/Users/thc1006/Desktop/dev/pose-coach-android-starter/app/src/main/kotlin/com/posecoach/app/multimodal/processors/EmotionalIntelligenceEngine.kt:512:61 Unresolved reference: confidence
e: file:///C:/Users/thc1006/Desktop/dev/pose-coach-android-starter/app/src/main/kotlin/com/posecoach/app/multimodal/processors/EmotionalIntelligenceEngine.kt:531:68 Unresolved reference: confidence
e: file:///C:/Users/thc1006/Desktop/dev/pose-coach-android-starter/app/src/main/kotlin/com/posecoach/app/multimodal/processors/EmotionalIntelligenceEngine.kt:728:26 Unresolved reference: confidence
e: file:///C:/Users/thc1006/Desktop/dev/pose-coach-android-starter/app/src/main/kotlin/com/posecoach/app/multimodal/processors/MultiModalPrivacyManager.kt:73:27 Serializer has not been found for type 'Any?'. To use context serializer as fallback, explicitly annotate type or property with @Contextual
e: file:///C:/Users/thc1006/Desktop/dev/pose-coach-android-starter/app/src/main/kotlin/com/posecoach/app/multimodal/processors/TemporalSynchronizationProcessor.kt:404:67 Unresolved reference: confidence
e: file:///C:/Users/thc1006/Desktop/dev/pose-coach-android-starter/app/src/main/kotlin/com/posecoach/app/multimodal/processors/TemporalSynchronizationProcessor.kt:406:34 Type mismatch: inferred type is List<Unit> but List<Float> was expected
e: file:///C:/Users/thc1006/Desktop/dev/pose-coach-android-starter/app/src/main/kotlin/com/posecoach/app/multimodal/processors/TemporalSynchronizationProcessor.kt:431:67 Unresolved reference: confidence
e: file:///C:/Users/thc1006/Desktop/dev/pose-coach-android-starter/app/src/main/kotlin/com/posecoach/app/multimodal/processors/TemporalSynchronizationProcessor.kt:432:48 Type mismatch: inferred type is Double but Float was expected
e: file:///C:/Users/thc1006/Desktop/dev/pose-coach-android-starter/app/src/main/kotlin/com/posecoach/app/multimodal/processors/TemporalSynchronizationProcessor.kt:433:38 Unresolved reference. None of the following candidates is applicable because of receiver type mismatch: 
e: file:///C:/Users/thc1006/Desktop/dev/pose-coach-android-starter/app/src/main/kotlin/com/posecoach/app/multimodal/processors/TemporalSynchronizationProcessor.kt:434:52 Unresolved reference. None of the following candidates is applicable because of receiver type mismatch: 
e: file:///C:/Users/thc1006/Desktop/dev/pose-coach-android-starter/app/src/main/kotlin/com/posecoach/app/overlay/PoseOverlayEffect.kt:10:46 Unresolved reference: Companion
e: file:///C:/Users/thc1006/Desktop/dev/pose-coach-android-starter/app/src/main/kotlin/com/posecoach/app/overlay/PoseOverlayEffect.kt:23:32 Unresolved reference: Surface
e: file:///C:/Users/thc1006/Desktop/dev/pose-coach-android-starter/app/src/main/kotlin/com/posecoach/app/overlay/PoseOverlayEffect.kt:74:17 Incompatible types: Int and SurfaceOutput.Event!
e: file:///C:/Users/thc1006/Desktop/dev/pose-coach-android-starter/app/src/main/kotlin/com/posecoach/app/overlay/PoseOverlayEffect.kt:82:45 Type mismatch: inferred type is Matrix but FloatArray was expected
e: file:///C:/Users/thc1006/Desktop/dev/pose-coach-android-starter/app/src/main/kotlin/com/posecoach/app/overlay/PoseOverlayEffect.kt:82:82 The floating-point literal does not conform to the expected type FloatArray
e: file:///C:/Users/thc1006/Desktop/dev/pose-coach-android-starter/app/src/main/kotlin/com/posecoach/app/overlay/PoseOverlayEffect.kt:93:25 Unresolved reference: lockHardwareCanvas
e: file:///C:/Users/thc1006/Desktop/dev/pose-coach-android-starter/app/src/main/kotlin/com/posecoach/app/overlay/PoseOverlayEffect.kt:95:25 Unresolved reference: lockCanvas
e: file:///C:/Users/thc1006/Desktop/dev/pose-coach-android-starter/app/src/main/kotlin/com/posecoach/app/overlay/PoseOverlayEffect.kt:99:29 Unresolved reference: it
e: file:///C:/Users/thc1006/Desktop/dev/pose-coach-android-starter/app/src/main/kotlin/com/posecoach/app/overlay/PoseOverlayEffect.kt:100:25 Unresolved reference: unlockCanvasAndPost
e: file:///C:/Users/thc1006/Desktop/dev/pose-coach-android-starter/app/src/main/kotlin/com/posecoach/app/overlay/PoseOverlayEffect.kt:100:45 Unresolved reference: it
e: file:///C:/Users/thc1006/Desktop/dev/pose-coach-android-starter/app/src/main/kotlin/com/posecoach/app/overlay/PoseOverlayManager.kt:80:13 Unresolved reference: setCoordinateMapper
e: file:///C:/Users/thc1006/Desktop/dev/pose-coach-android-starter/app/src/main/kotlin/com/posecoach/app/overlay/PoseOverlayManager.kt:82:13 Unresolved reference. None of the following candidates is applicable because of receiver type mismatch: 
e: file:///C:/Users/thc1006/Desktop/dev/pose-coach-android-starter/app/src/main/kotlin/com/posecoach/app/overlay/PoseOverlayManager.kt:87:13 Unresolved reference: setCoordinateMapper
e: file:///C:/Users/thc1006/Desktop/dev/pose-coach-android-starter/app/src/main/kotlin/com/posecoach/app/overlay/PoseOverlayManager.kt:100:22 Unresolved reference: setPrivacyManager
e: file:///C:/Users/thc1006/Desktop/dev/pose-coach-android-starter/app/src/main/kotlin/com/posecoach/app/overlay/PoseOverlayManager.kt:101:24 Unresolved reference: setPrivacyManager
e: file:///C:/Users/thc1006/Desktop/dev/pose-coach-android-starter/app/src/main/kotlin/com/posecoach/app/overlay/PoseOverlayManager.kt:134:22 Unresolved reference: setCoordinateMapper
e: file:///C:/Users/thc1006/Desktop/dev/pose-coach-android-starter/app/src/main/kotlin/com/posecoach/app/overlay/PoseOverlayManager.kt:135:24 Unresolved reference: setCoordinateMapper
e: file:///C:/Users/thc1006/Desktop/dev/pose-coach-android-starter/app/src/main/kotlin/com/posecoach/app/overlay/PoseOverlayManager.kt:155:22 Unresolved reference: enableMultiPersonMode
e: file:///C:/Users/thc1006/Desktop/dev/pose-coach-android-starter/app/src/main/kotlin/com/posecoach/app/overlay/PoseOverlayManager.kt:163:22 Unresolved reference: selectPerson
e: file:///C:/Users/thc1006/Desktop/dev/pose-coach-android-starter/app/src/main/kotlin/com/posecoach/app/overlay/PoseOverlayManager.kt:164:24 Unresolved reference: selectPerson
e: file:///C:/Users/thc1006/Desktop/dev/pose-coach-android-starter/app/src/main/kotlin/com/posecoach/app/overlay/PoseOverlayManager.kt:209:22 Unresolved reference: updateMultiPersonPoses
e: file:///C:/Users/thc1006/Desktop/dev/pose-coach-android-starter/app/src/main/kotlin/com/posecoach/app/overlay/PoseOverlayManager.kt:210:24 Unresolved reference: updateMultiPersonPoses
e: file:///C:/Users/thc1006/Desktop/dev/pose-coach-android-starter/app/src/main/kotlin/com/posecoach/app/overlay/PoseOverlayManager.kt:238:22 Unresolved reference. None of the following candidates is applicable because of receiver type mismatch: 
e: file:///C:/Users/thc1006/Desktop/dev/pose-coach-android-starter/app/src/main/kotlin/com/posecoach/app/overlay/PoseOverlayManager.kt:270:13 Unresolved reference: setShowPerformance
e: file:///C:/Users/thc1006/Desktop/dev/pose-coach-android-starter/app/src/main/kotlin/com/posecoach/app/overlay/PoseOverlayManager.kt:271:13 Unresolved reference: setShowDebugInfo
e: file:///C:/Users/thc1006/Desktop/dev/pose-coach-android-starter/app/src/main/kotlin/com/posecoach/app/overlay/PoseOverlayManager.kt:283:13 Unresolved reference: setVisibilityThreshold
e: file:///C:/Users/thc1006/Desktop/dev/pose-coach-android-starter/app/src/main/kotlin/com/posecoach/app/overlay/PoseOverlayManager.kt:284:13 Unresolved reference: setPresenceThreshold
e: file:///C:/Users/thc1006/Desktop/dev/pose-coach-android-starter/app/src/main/kotlin/com/posecoach/app/overlay/PoseOverlayManager.kt:296:22 Unresolved reference: setMaxRenderFps
e: file:///C:/Users/thc1006/Desktop/dev/pose-coach-android-starter/app/src/main/kotlin/com/posecoach/app/overlay/PoseOverlayManager.kt:297:24 Unresolved reference: setMaxRenderFps
e: file:///C:/Users/thc1006/Desktop/dev/pose-coach-android-starter/app/src/main/kotlin/com/posecoach/app/overlay/PoseOverlayManager.kt:304:45 Unresolved reference: getPerformanceStats
e: file:///C:/Users/thc1006/Desktop/dev/pose-coach-android-starter/app/src/main/kotlin/com/posecoach/app/overlay/PoseOverlayManager.kt:305:49 Unresolved reference: getPerformanceMetrics
e: file:///C:/Users/thc1006/Desktop/dev/pose-coach-android-starter/app/src/main/kotlin/com/posecoach/app/overlay/PoseOverlayManager.kt:369:47 Unresolved reference: PerformanceStats
e: file:///C:/Users/thc1006/Desktop/dev/pose-coach-android-starter/app/src/main/kotlin/com/posecoach/app/overlay/PoseOverlayManager.kt:370:51 Unresolved reference: PerformanceMetrics
e: file:///C:/Users/thc1006/Desktop/dev/pose-coach-android-starter/app/src/main/kotlin/com/posecoach/app/performance/adaptive/AdaptivePerformanceOptimizer.kt:645:11 Unresolved reference. None of the following candidates is applicable because of receiver type mismatch: 
e: file:///C:/Users/thc1006/Desktop/dev/pose-coach-android-starter/app/src/main/kotlin/com/posecoach/app/performance/adaptive/AdvancedPerformanceMonitor.kt:256:41 Unresolved reference: nativeHeapSize
e: file:///C:/Users/thc1006/Desktop/dev/pose-coach-android-starter/app/src/main/kotlin/com/posecoach/app/performance/adaptive/AdvancedPerformanceMonitor.kt:257:41 Unresolved reference: dalvikHeapSize
e: file:///C:/Users/thc1006/Desktop/dev/pose-coach-android-starter/app/src/main/kotlin/com/posecoach/app/performance/adaptive/AdvancedPerformanceMonitor.kt:664:44 Unresolved reference. None of the following candidates is applicable because of receiver type mismatch: 
e: file:///C:/Users/thc1006/Desktop/dev/pose-coach-android-starter/app/src/main/kotlin/com/posecoach/app/performance/adaptive/AdvancedPerformanceMonitor.kt:665:42 Unresolved reference: it
e: file:///C:/Users/thc1006/Desktop/dev/pose-coach-android-starter/app/src/main/kotlin/com/posecoach/app/performance/adaptive/AdvancedPerformanceMonitor.kt:666:45 Unresolved reference: it
e: file:///C:/Users/thc1006/Desktop/dev/pose-coach-android-starter/app/src/main/kotlin/com/posecoach/app/performance/adaptive/AdvancedPerformanceMonitor.kt:667:50 Unresolved reference: it
e: file:///C:/Users/thc1006/Desktop/dev/pose-coach-android-starter/app/src/main/kotlin/com/posecoach/app/performance/adaptive/AdvancedPerformanceMonitor.kt:694:29 Unresolved reference. None of the following candidates is applicable because of receiver type mismatch: 
e: file:///C:/Users/thc1006/Desktop/dev/pose-coach-android-starter/app/src/main/kotlin/com/posecoach/app/performance/adaptive/CloudEdgeOptimizer.kt:399:89 The floating-point literal does not conform to the expected type Long
e: file:///C:/Users/thc1006/Desktop/dev/pose-coach-android-starter/app/src/main/kotlin/com/posecoach/app/performance/adaptive/CloudEdgeOptimizer.kt:707:88 The floating-point literal does not conform to the expected type Long
e: file:///C:/Users/thc1006/Desktop/dev/pose-coach-android-starter/app/src/main/kotlin/com/posecoach/app/performance/adaptive/DynamicQualityManager.kt:634:13 Type mismatch: inferred type is Serializable but Pair<TypeVariable(K), TypeVariable(V)> was expected
e: file:///C:/Users/thc1006/Desktop/dev/pose-coach-android-starter/app/src/main/kotlin/com/posecoach/app/performance/adaptive/IntelligentCacheManager.kt:126:25 Unresolved reference: performPredictivePreloading
e: file:///C:/Users/thc1006/Desktop/dev/pose-coach-android-starter/app/src/main/kotlin/com/posecoach/app/performance/adaptive/IntelligentCacheManager.kt:168:22 Type mismatch: inferred type is IntelligentCacheManager.CacheEntry<T> but IntelligentCacheManager.CacheEntry<Any> was expected
e: file:///C:/Users/thc1006/Desktop/dev/pose-coach-android-starter/app/src/main/kotlin/com/posecoach/app/performance/adaptive/IntelligentCacheManager.kt:365:9 Val cannot be reassigned
e: file:///C:/Users/thc1006/Desktop/dev/pose-coach-android-starter/app/src/main/kotlin/com/posecoach/app/performance/adaptive/PerformancePredictionModels.kt:654:52 Destructuring declaration initializer of type Pair<Pair<Pair<PerformancePredictionModels.AnomalyType, String>, List<String>>, List<String>> must have a 'component3()' function
e: file:///C:/Users/thc1006/Desktop/dev/pose-coach-android-starter/app/src/main/kotlin/com/posecoach/app/performance/adaptive/PerformancePredictionModels.kt:654:52 Destructuring declaration initializer of type Pair<Pair<Pair<PerformancePredictionModels.AnomalyType, String>, List<String>>, List<String>> must have a 'component4()' function
e: file:///C:/Users/thc1006/Desktop/dev/pose-coach-android-starter/app/src/main/kotlin/com/posecoach/app/performance/adaptive/PerformancePredictionModels.kt:671:20 Type mismatch: inferred type is Pair<Pair<PerformancePredictionModels.AnomalyType, String>, List<String>> but PerformancePredictionModels.AnomalyType was expected
e: file:///C:/Users/thc1006/Desktop/dev/pose-coach-android-starter/app/src/main/kotlin/com/posecoach/app/performance/adaptive/PerformancePredictionModels.kt:673:27 Type mismatch: inferred type is List<String> but String was expected
e: file:///C:/Users/thc1006/Desktop/dev/pose-coach-android-starter/app/src/main/kotlin/com/posecoach/app/performance/adaptive/PredictiveResourceManager.kt:201:49 Unresolved reference. None of the following candidates is applicable because of receiver type mismatch: 
e: file:///C:/Users/thc1006/Desktop/dev/pose-coach-android-starter/app/src/main/kotlin/com/posecoach/app/performance/adaptive/PredictiveResourceManager.kt:569:32 Unresolved reference. None of the following candidates is applicable because of receiver type mismatch: 
e: file:///C:/Users/thc1006/Desktop/dev/pose-coach-android-starter/app/src/main/kotlin/com/posecoach/app/performance/adaptive/PredictiveResourceManager.kt:569:51 Unresolved reference: it
e: file:///C:/Users/thc1006/Desktop/dev/pose-coach-android-starter/app/src/main/kotlin/com/posecoach/app/pose/PoseDetectionManager.kt:63:57 Unresolved reference: timestampMs
e: file:///C:/Users/thc1006/Desktop/dev/pose-coach-android-starter/app/src/main/kotlin/com/posecoach/app/pose/PoseDetectionManager.kt:130:42 Unresolved reference: builder
e: file:///C:/Users/thc1006/Desktop/dev/pose-coach-android-starter/app/src/main/kotlin/com/posecoach/app/privacy/AdvancedPrivacyIntegration.kt:73:65 Type mismatch: inferred type is Flow<AdvancedPrivacyIntegration.UnifiedPrivacyStatus> but StateFlow<AdvancedPrivacyIntegration.UnifiedPrivacyStatus> was expected
e: file:///C:/Users/thc1006/Desktop/dev/pose-coach-android-starter/app/src/main/kotlin/com/posecoach/app/privacy/AdvancedPrivacyIntegration.kt:141:64 Unresolved reference: determineProcessingStrategy
e: file:///C:/Users/thc1006/Desktop/dev/pose-coach-android-starter/app/src/main/kotlin/com/posecoach/app/privacy/AdvancedPrivacyIntegration.kt:161:84 Unresolved reference: it
e: file:///C:/Users/thc1006/Desktop/dev/pose-coach-android-starter/app/src/main/kotlin/com/posecoach/app/privacy/AdvancedPrivacyIntegration.kt:305:52 Unresolved reference: exportAuditReport
e: file:///C:/Users/thc1006/Desktop/dev/pose-coach-android-starter/app/src/main/kotlin/com/posecoach/app/privacy/AdvancedPrivacyIntegration.kt:407:17 Cannot find a parameter with this name: dataRetentionHours
e: file:///C:/Users/thc1006/Desktop/dev/pose-coach-android-starter/app/src/main/kotlin/com/posecoach/app/privacy/AdvancedPrivacyIntegration.kt:539:41 Unresolved reference: ProcessingDecision
e: file:///C:/Users/thc1006/Desktop/dev/pose-coach-android-starter/app/src/main/kotlin/com/posecoach/app/privacy/AdvancedPrivacyIntegration.kt:546:35 Unresolved reference: ProcessingLocation
e: file:///C:/Users/thc1006/Desktop/dev/pose-coach-android-starter/app/src/main/kotlin/com/posecoach/app/privacy/AdvancedPrivacyIntegration.kt:549:43 Unresolved reference: applyLocalDifferentialPrivacy
e: file:///C:/Users/thc1006/Desktop/dev/pose-coach-android-starter/app/src/main/kotlin/com/posecoach/app/privacy/AdvancedPrivacyIntegration.kt:554:70 Unresolved reference: ProcessingLocation
e: file:///C:/Users/thc1006/Desktop/dev/pose-coach-android-starter/app/src/main/kotlin/com/posecoach/app/privacy/AdvancedPrivacyIntegration.kt:555:16 'when' expression must be exhaustive, add necessary 'else' branch
e: file:///C:/Users/thc1006/Desktop/dev/pose-coach-android-starter/app/src/main/kotlin/com/posecoach/app/privacy/AdvancedPrivacyIntegration.kt:556:35 Unresolved reference: ProcessingLocation
e: file:///C:/Users/thc1006/Desktop/dev/pose-coach-android-starter/app/src/main/kotlin/com/posecoach/app/privacy/AdvancedPrivacyIntegration.kt:557:35 Unresolved reference: ProcessingLocation
e: file:///C:/Users/thc1006/Desktop/dev/pose-coach-android-starter/app/src/main/kotlin/com/posecoach/app/privacy/AdvancedPrivacyIntegration.kt:558:35 Unresolved reference: ProcessingLocation
e: file:///C:/Users/thc1006/Desktop/dev/pose-coach-android-starter/app/src/main/kotlin/com/posecoach/app/privacy/AdvancedPrivacyIntegration.kt:559:35 Unresolved reference: ProcessingLocation
e: file:///C:/Users/thc1006/Desktop/dev/pose-coach-android-starter/app/src/main/kotlin/com/posecoach/app/privacy/AdvancedPrivacyIntegration.kt:560:35 Unresolved reference: ProcessingLocation
e: file:///C:/Users/thc1006/Desktop/dev/pose-coach-android-starter/app/src/main/kotlin/com/posecoach/app/privacy/AdvancedPrivacyIntegration.kt:561:35 Unresolved reference: ProcessingLocation
e: file:///C:/Users/thc1006/Desktop/dev/pose-coach-android-starter/app/src/main/kotlin/com/posecoach/app/privacy/AdvancedPrivacyIntegration.kt:599:49 Unresolved reference: ProcessingDecision
e: file:///C:/Users/thc1006/Desktop/dev/pose-coach-android-starter/app/src/main/kotlin/com/posecoach/app/privacy/AdvancedPrivacyIntegration.kt:610:51 Unresolved reference: AuditReport
e: file:///C:/Users/thc1006/Desktop/dev/pose-coach-android-starter/app/src/main/kotlin/com/posecoach/app/privacy/GDPRComplianceManager.kt:431:51 Unresolved reference: verifyConsentIntegrity
e: file:///C:/Users/thc1006/Desktop/dev/pose-coach-android-starter/app/src/main/kotlin/com/posecoach/app/privacy/GDPRComplianceManager.kt:432:53 Unresolved reference: isConsentExpired
e: file:///C:/Users/thc1006/Desktop/dev/pose-coach-android-starter/app/src/main/kotlin/com/posecoach/app/privacy/GDPRComplianceManager.kt:581:20 Type mismatch: inferred type is Long? but Any was expected
e: file:///C:/Users/thc1006/Desktop/dev/pose-coach-android-starter/app/src/main/kotlin/com/posecoach/app/privacy/GDPRComplianceManager.kt:617:27 Unresolved reference: File
e: file:///C:/Users/thc1006/Desktop/dev/pose-coach-android-starter/app/src/main/kotlin/com/posecoach/app/privacy/GDPRComplianceManager.kt:630:37 Type inference failed. The value of the type parameter K should be mentioned in input types (argument types, receiver type or expected type). Try to specify it explicitly.
e: file:///C:/Users/thc1006/Desktop/dev/pose-coach-android-starter/app/src/main/kotlin/com/posecoach/app/privacy/GDPRComplianceManager.kt:631:36 Type inference failed. The value of the type parameter K should be mentioned in input types (argument types, receiver type or expected type). Try to specify it explicitly.
e: file:///C:/Users/thc1006/Desktop/dev/pose-coach-android-starter/app/src/main/kotlin/com/posecoach/app/privacy/GDPRComplianceManager.kt:631:36 Operator '==' cannot be applied to 'Boolean?' and 'String'
e: file:///C:/Users/thc1006/Desktop/dev/pose-coach-android-starter/app/src/main/kotlin/com/posecoach/app/privacy/PrivacyAuditLogger.kt:41:33 Unresolved reference: getCurrentSessionId
e: file:///C:/Users/thc1006/Desktop/dev/pose-coach-android-starter/app/src/main/kotlin/com/posecoach/app/privacy/PrivacyAuditLogger.kt:46:24 Unresolved reference: createHash
e: file:///C:/Users/thc1006/Desktop/dev/pose-coach-android-starter/app/src/main/kotlin/com/posecoach/app/privacy/PrivacyAuditLogger.kt:250:31 Not enough information to infer type variable  for subcalls of when expression
e: file:///C:/Users/thc1006/Desktop/dev/pose-coach-android-starter/app/src/main/kotlin/com/posecoach/app/privacy/PrivacyAuditLogger.kt:250:39 Callable reference resolution ambiguity: 
e: file:///C:/Users/thc1006/Desktop/dev/pose-coach-android-starter/app/src/main/kotlin/com/posecoach/app/privacy/PrivacyAuditLogger.kt:251:30 Not enough information to infer type variable  for subcalls of when expression
e: file:///C:/Users/thc1006/Desktop/dev/pose-coach-android-starter/app/src/main/kotlin/com/posecoach/app/privacy/PrivacyAuditLogger.kt:251:38 Callable reference resolution ambiguity: 
e: file:///C:/Users/thc1006/Desktop/dev/pose-coach-android-starter/app/src/main/kotlin/com/posecoach/app/privacy/PrivacyAuditLogger.kt:252:33 Not enough information to infer type variable  for subcalls of when expression
e: file:///C:/Users/thc1006/Desktop/dev/pose-coach-android-starter/app/src/main/kotlin/com/posecoach/app/privacy/PrivacyAuditLogger.kt:252:41 Callable reference resolution ambiguity: 
e: file:///C:/Users/thc1006/Desktop/dev/pose-coach-android-starter/app/src/main/kotlin/com/posecoach/app/privacy/PrivacyAuditLogger.kt:253:31 Not enough information to infer type variable  for subcalls of when expression
e: file:///C:/Users/thc1006/Desktop/dev/pose-coach-android-starter/app/src/main/kotlin/com/posecoach/app/privacy/PrivacyAuditLogger.kt:253:39 Callable reference resolution ambiguity: 
e: file:///C:/Users/thc1006/Desktop/dev/pose-coach-android-starter/app/src/main/kotlin/com/posecoach/app/privacy/PrivacyAuditLogger.kt:254:34 Not enough information to infer type variable  for subcalls of when expression
e: file:///C:/Users/thc1006/Desktop/dev/pose-coach-android-starter/app/src/main/kotlin/com/posecoach/app/privacy/PrivacyAuditLogger.kt:254:42 Callable reference resolution ambiguity: 
e: file:///C:/Users/thc1006/Desktop/dev/pose-coach-android-starter/app/src/main/kotlin/com/posecoach/app/suggestions/SuggestionManager.kt:78:47 Unresolved reference: generateContent
